Microsoft Windows [Version 10.0.18362.657]
(c) 2019 Microsoft Corporation. All rights reserved.

C:\Users\anon>colot [[<B>]<f>]
The system cannot find the file specified.

C:\Users\anon>color [[<B>]<f>]
The system cannot find the file specified.

C:\Users\anon>color 84

C:\Users\anon>color e

C:\Users\anon>dir /s/w/o/p
 Volume in drive C has no label.
 Volume Serial Number is 46AB-5668

 Directory of C:\Users\anon

[.]                                   [..]                                  [.android]
[.config]                             [.idlerc]                             [.vscode]
[3D Objects]                          [Contacts]                            [Creative Cloud Files]
[Desktop]                             [Documents]                           [Downloads]
[Favorites]                           [Links]                               [Music]
[Nox_share]                           [OneDrive]                            [Pictures]
[Saved Games]                         [Searches]                            [Videos]
[vmlogs]                              .bash_history                         .gitconfig
bitmap.png                            d4ac4633ebd6440fa397b84f1bc94a3c.7z   g4773.png
inittk.ini                            inst.ini                              nuuid.ini
path3763.png                          useruid.ini
              10 File(s)         36,825 bytes

 Directory of C:\Users\anon\.android

[.]          [..]         adbkey       adbkey.pub
               2 File(s)          2,441 bytes

 Directory of C:\Users\anon\.config

[.]           [..]          [configstore]
               0 File(s)              0 bytes

 Directory of C:\Users\anon\.config\configstore

Press any key to continue . . .
[.]                        [..]                       update-notifier-npm.json
               1 File(s)            151 bytes

 Directory of C:\Users\anon\.git

[hooks]       [info]        [objects]     [refs]        config        description   HEAD
               3 File(s)            226 bytes

 Directory of C:\Users\anon\.git\hooks

[.]                         [..]                        applypatch-msg.sample       commit-msg.sample
fsmonitor-watchman.sample   post-update.sample          pre-applypatch.sample       pre-commit.sample
prepare-commit-msg.sample   pre-push.sample             pre-rebase.sample           pre-receive.sample
update.sample
              11 File(s)         18,844 bytes

 Directory of C:\Users\anon\.git\info

[.]       [..]      exclude
               1 File(s)            240 bytes

 Directory of C:\Users\anon\.git\objects

[.]    [..]   [info] [pack]
               0 File(s)              0 bytes

 Directory of C:\Users\anon\.git\objects\info

[.]  [..]
Press any key to continue . . .
               0 File(s)              0 bytes

 Directory of C:\Users\anon\.git\objects\pack

[.]  [..]
               0 File(s)              0 bytes

 Directory of C:\Users\anon\.git\refs

[.]     [..]    [heads] [tags]
               0 File(s)              0 bytes

 Directory of C:\Users\anon\.git\refs\heads

[.]  [..]
               0 File(s)              0 bytes

 Directory of C:\Users\anon\.git\refs\tags

[.]  [..]
               0 File(s)              0 bytes

 Directory of C:\Users\anon\.idlerc

[.]                [..]               recent-files.lst
               1 File(s)              0 bytes

 Directory of C:\Users\anon\.vscode

Press any key to continue . . .
[.]          [..]         [extensions] argv.json
               1 File(s)            695 bytes

 Directory of C:\Users\anon\.vscode\extensions

[.]  [..]
               0 File(s)              0 bytes

 Directory of C:\Users\anon\3D Objects

[.]  [..]
               0 File(s)              0 bytes

 Directory of C:\Users\anon\AppData

[Local]    [LocalLow] [Roaming]
               0 File(s)              0 bytes

 Directory of C:\Users\anon\AppData\Local

[.]                              [..]                             [Adobe]
[AMD]                            [Apple]                          [Apple Computer]
[ATI]                            [BraveSoftware]                  [cache]
[CEF]                            [Comms]                          [ConnectedDevicesPlatform]
[D3DSCache]                      [Diagnostics]                    [Discord]
[Electronic Arts]                [ElevatedDiagnostics]            [EpicNet Inc]
[Facebook]                       [FileZilla]                      [fontconfig]
[Fontlab]                        [Google]                         [Massive X]
[mbam]                           [mbamtray]                       [Microsoft]
Press any key to continue . . .
[MicrosoftEdge]                  [MuseScore]                      [Native Instruments]
[Nox]                            [NoxSrv]                         [OneDrive]
[Packages]                       [PlaceholderTileLogoFolder]      [Programs]
[Publishers]                     [RadeonInstaller]                [RadeonSettings]
[Serato]                         [ShadowTrackerExtra]             [Spotify]
[SquirrelTemp]                   [Steam]                          [Sublime Text 3]
[Temp]                           [Tempzxpsign177f3a359a2aff87]    [Tempzxpsign21efb06b917b4b33]
[Tempzxpsign4d7227c3fb37a0e6]    [Tempzxpsign5f4b3ca15a89c29e]    [Tempzxpsign6dab338503f3b8e2]
[Tempzxpsign9142946de4f2d7f4]    [Tempzxpsignbf0c5221e8b440d3]    [Tempzxpsignc8dc16223144daa1]
[Tempzxpsignd1a406350cd43549]    [Tempzxpsignfe7e27190993f19c]    [Tempzxpsignff85746b04f48291]
[Tencent]                        [UnrealEngine]                   [Valhalla DSP, LLC]
[ValhallaDelay]                  [ValhallaPlate]                  [ValhallaRoom]
[ValhallaRoomPreferences]        [ValhallaShimmer]                [ValhallaUberMod]
[ValhallaVintageVerb]            [ValhallaVintageVerbPreferences] [VirtualDJ]
[VirtualStore]                   [Wondershare]                    oobelibMkey.log
recently-used.xbel
               2 File(s)            218 bytes

 Directory of C:\Users\anon\AppData\Local\Adobe

[.]           [..]          [AAMUpdater]  [CameraRaw]   [Color]       [Fonts]       [OOBE]        [PII]
[TypeSupport]
               0 File(s)              0 bytes

 Directory of C:\Users\anon\AppData\Local\Adobe\AAMUpdater

[.]   [..]  [1.0]
               0 File(s)              0 bytes

Press any key to continue . . .
 Directory of C:\Users\anon\AppData\Local\Adobe\AAMUpdater\1.0

[.]                     [..]                    [Data]                  [Install]               aamul.log
aamun.log               aamus.log               AdobeUpdaterPrefs.dat   CSUTracker.sig          CSUTracker.xml
               6 File(s)        494,072 bytes

 Directory of C:\Users\anon\AppData\Local\Adobe\AAMUpdater\1.0\Data

[.]  [..]
               0 File(s)              0 bytes

 Directory of C:\Users\anon\AppData\Local\Adobe\AAMUpdater\1.0\Install

[.]  [..]
               0 File(s)              0 bytes

 Directory of C:\Users\anon\AppData\Local\Adobe\CameraRaw

[.]      [..]     [Cache]  [Cache2]
               0 File(s)              0 bytes

 Directory of C:\Users\anon\AppData\Local\Adobe\CameraRaw\Cache

[.]  [..]
               0 File(s)              0 bytes

 Directory of C:\Users\anon\AppData\Local\Adobe\CameraRaw\Cache2

[.]  [..]
Press any key to continue . . .
               0 File(s)              0 bytes

 Directory of C:\Users\anon\AppData\Local\Adobe\Color

[.]                   [..]                  [Profiles]            ACECache11.lst        ACECache7.lst
ACEConfigCache1.lst
               3 File(s)         31,683 bytes

 Directory of C:\Users\anon\AppData\Local\Adobe\Color\Profiles

[.]          [..]         wscRGB.icc   wsRGB.icc
               2 File(s)         68,884 bytes

 Directory of C:\Users\anon\AppData\Local\Adobe\Fonts

[.]              [..]             AdobeFnt11.lst
               1 File(s)            711 bytes

 Directory of C:\Users\anon\AppData\Local\Adobe\OOBE

[.]                     [..]                    [com.adobe.accc.apps]   _LicenseAgreement.xml   filesync.db
opm.db                  temp_ins_lbs_wid        temp_lbs_wid
               5 File(s)         23,167 bytes

 Directory of C:\Users\anon\AppData\Local\Adobe\OOBE\com.adobe.accc.apps

[.]               [..]              [CCPrefMigration] [Icons]
               0 File(s)              0 bytes

Press any key to continue . . .
 Directory of C:\Users\anon\AppData\Local\Adobe\OOBE\com.adobe.accc.apps\CCPrefMigration

[.]  [..]
               0 File(s)              0 bytes

 Directory of C:\Users\anon\AppData\Local\Adobe\OOBE\com.adobe.accc.apps\Icons

[.]        [..]       cookie     icons      metadata
               3 File(s)     17,479,713 bytes

 Directory of C:\Users\anon\AppData\Local\Adobe\PII

[.]                   [..]                  com.adobe.pii.prefs
               1 File(s)            329 bytes

 Directory of C:\Users\anon\AppData\Local\Adobe\TypeSupport

[.]              [..]             [CMaps]          AdobeFnt11.lst
               1 File(s)        153,800 bytes

 Directory of C:\Users\anon\AppData\Local\Adobe\TypeSupport\CMaps

[.]              [..]             AdobeFnt11.lst
               1 File(s)         87,963 bytes

 Directory of C:\Users\anon\AppData\Local\AMD

[.]              [..]             [CN]             [DVR]            [DxCache]        [GLCache]        [Radeonsoftware]
[VkCache]
Press any key to continue . . .
               0 File(s)              0 bytes

 Directory of C:\Users\anon\AppData\Local\AMD\CN

[.]                   [..]                  [Analytics]           [NewsFeed]            20191214-193945.CSV
20191214-193952.CSV   20191214-193954.CSV   20191214-195958.CSV   20191215-032741.CSV   20191215-032743.CSV
20191217-181341.CSV   20191220-050257.CSV   20191222-170847.CSV   cmdb.blb              driver.xml
gallery.blb           gmdb.blb              rechw.blb             RGStats.db
              15 File(s)      1,277,037 bytes

 Directory of C:\Users\anon\AppData\Local\AMD\CN\Analytics

[.]                    [..]                   RadeonAnalytics.JSON
               1 File(s)          5,589 bytes

 Directory of C:\Users\anon\AppData\Local\AMD\CN\NewsFeed

[.]   [..]  [244]
               0 File(s)              0 bytes

 Directory of C:\Users\anon\AppData\Local\AMD\CN\NewsFeed\244

[.]              [..]             [NewsFeedImages] cccad-244.json
               1 File(s)          7,720 bytes

 Directory of C:\Users\anon\AppData\Local\AMD\CN\NewsFeed\244\NewsFeedImages

[.]                             [..]                            CN_LARGE_IMAGE_3950x.png
CN_LARGE_IMAGE_antilag.jpg      CN_LARGE_IMAGE_boderlands.jpg   CN_LARGE_IMAGE_boost.jpg
Press any key to continue . . .
CN_LARGE_IMAGE_boost2020.jpg    CN_LARGE_IMAGE_general.jpg      CN_LARGE_IMAGE_ghost.jpg
CN_LARGE_IMAGE_outer.jpg        CN_LARGE_IMAGE_radeon5500.jpg   CN_SMALL_IMAGE_3950x.png
CN_SMALL_IMAGE_boderlands.png   CN_SMALL_IMAGE_boost2020.png    CN_SMALL_IMAGE_general.png
CN_SMALL_IMAGE_ghost.png        CN_SMALL_IMAGE_outer.png        CN_SMALL_IMAGE_radeon5500.png
              16 File(s)     12,377,426 bytes

 Directory of C:\Users\anon\AppData\Local\AMD\DVR

[.]                    [..]                   [16858509330257912085] [5803751150595494843]
               0 File(s)              0 bytes

 Directory of C:\Users\anon\AppData\Local\AMD\DVR\16858509330257912085

[.]  [..] 0
               1 File(s)        293,016 bytes

 Directory of C:\Users\anon\AppData\Local\AMD\DVR\5803751150595494843

[.]  [..] 0
               1 File(s)        294,400 bytes

 Directory of C:\Users\anon\AppData\Local\AMD\DxCache

[.]                                                    [..]
0373b6ca395a0ff1dfac641c2ade2944c088be5a40efc27f.bin   55cb533176541dcac85ef0efdbc9e916a5a288051f48269a.bin
6e1fdb61c3b9b5059ebd9015dfb9736887f9c715c39b1026.bin   82013064bc5e9bf2da3b2c98b699af0debf4810e5c92c753.bin
82013064bc5e9bf2ecbd7d9b9bd35bdeebf4810e5c92c753.bin   83a67355425d3f61caff8e337fbbfeebc39c031974ae05fa.bin
8b80d962c50df37d1239d40bec3da474153f1098bb60dcf1.bin   8b80d962c50df37d40fc684c20c7637c153f1098bb60dcf1.bin
94ab47292f63e5a522b7b507a2d64f43c7d285c391a793fa.bin   96a02050c9f9c871f70a619f707f5a734086d726917087c5.bin
Press any key to continue . . .
d3e77a123d2f720317bcd9be6852c75607009515dd566072.bin   d3e77a123d2f72032333108dcb4b918207009515dd566072.bin
d8e8375d20598df4c06f4a5bffacb52f761c6167569e0c00.bin
              13 File(s)    141,033,472 bytes

 Directory of C:\Users\anon\AppData\Local\AMD\GLCache

[.]                                       [..]
1bf47723fee74d81_7bc93a1b8cfbfd77_4.bin   1bf47723fee74d81_7bc93a1b8cfbfd77_4.idx
1bf47723fee74d81_a2b71f5b6c119186_4.bin   1bf47723fee74d81_a2b71f5b6c119186_4.idx
4891f2419e867137_7bc93a1b8cfbfd77_4.bin   4891f2419e867137_7bc93a1b8cfbfd77_4.idx
5b29effe650b9c07_4f8060b27ed57cd1_4.bin   5b29effe650b9c07_4f8060b27ed57cd1_4.idx
5b29effe650b9c07_7bc93a1b8cfbfd77_4.bin   5b29effe650b9c07_7bc93a1b8cfbfd77_4.idx
813249ccf8579585_7bc93a1b8cfbfd77_4.bin   813249ccf8579585_7bc93a1b8cfbfd77_4.idx
813249ccf8579585_a2b71f5b6c119186_4.bin   813249ccf8579585_a2b71f5b6c119186_4.idx
c78a16879808119e_7bc93a1b8cfbfd77_4.bin   c78a16879808119e_7bc93a1b8cfbfd77_4.idx
c78a16879808119e_c8c6272de071ca00_4.bin   c78a16879808119e_c8c6272de071ca00_4.idx
              18 File(s)      1,328,974 bytes

 Directory of C:\Users\anon\AppData\Local\AMD\Radeonsoftware

[.]           [..]          [cache]       [QtWebEngine]
               0 File(s)              0 bytes

 Directory of C:\Users\anon\AppData\Local\AMD\Radeonsoftware\cache

[.]        [..]       [qmlcache]
               0 File(s)              0 bytes

 Directory of C:\Users\anon\AppData\Local\AMD\Radeonsoftware\cache\qmlcache

Press any key to continue . . .
[.]                                             [..]
0287568f6b75a8de2d21278106c373f2fd10f5ab.qmlc   055ab669598a85b07ca1a312b70bb2d735566235.jsc
05760cce83a8dfa687256693a7397a94161c7429.qmlc   0bd5cf23c1a78fdd98ccbf96a05645392c65305c.qmlc
14b0de5879e797bed4ed649bc7457ada52a71c3b.qmlc   1d6263d03294a2f9bcd55bde4f33e5de1ed9c0f2.qmlc
29bb0c0bf0b58d48d2c7055bcc94c1807afc5bc8.qmlc   2bad62830a1a3fa395c30b0def6305959ce00e7d.qmlc
32b209153dcef267f7a80a415cfe34e75c673c2e.qmlc   39e558df74e490d8b2a9a7898d04ba05ba07d713.qmlc
3ecf731716e712a87e5a1497cd9982009895b0ed.qmlc   452515eb941cb7160682f3dca588491df831c58a.qmlc
4e6c64374802c0a24d026cc2f1f6576e1f2d9deb.qmlc   507b532306dc57a70dba6d385fa1db221bdc1196.qmlc
5207e4268480caa15af03c29c1ab9cd040c0bfe5.qmlc   5846ecc766658c42f6899c3300227c24422c029c.qmlc
5a10e3c0d63fbbb9d532fdff7b935943e9a4180b.qmlc   5dc3bf8861a3f8b4b676552993b44c11e7d7c4dd.qmlc
659d032d7554e20815645659c4a4771ad6f28eaa.qmlc   667239feb931f410e4c21a0a66b1f36ea615f256.qmlc
6d7e9aa9e1f7bdef62c968f6ba5c6262feef3652.qmlc   6f24684d8b50193eb3cdfee634ff56f1ba4b5ffd.jsc
764491f39a190ce4784fe9fb5f9321d6a83a6923.qmlc   76aca5c7844b29e0362f70becc73c1f0b6cc503b.qmlc
7db9dca541ca970bbde9a255a4c8ad930d661522.qmlc   7ef944aa89e49823dadcfe593aceb667d1f0ca6b.qmlc
8b421c776123b00d00c5fc368b81f68c22c3bf3a.qmlc   93f9f424943f9bc70e700cc1b13e475994baf4dc.qmlc
95a8b5eb4b9d209a46517148d3490ca93123bfc6.qmlc   9b2c821191df464a61bc66bd5026075a4b232af8.jsc
9cb98731fb29195e48040dc21ae224f0d4c3cc71.qmlc   a178e511f194367f96881a7f045e55580475fc41.qmlc
a24fa65f5047c8878e02c45ce342d5d69adf2067.qmlc   a26018a2dfd4adde3e3191b56f7323f042390e1f.qmlc
abc17aac885f87afcc5fbea22502bfa7c3e539ca.qmlc   ac4358be4e9a3cdeb4a8e1d576ec478aa216e9b9.qmlc
b61b2ceb9b2be7177aab396b65e75f1be5156c45.qmlc   bfd74a5141e51e29b3940c0f698c2755e8764fb3.qmlc
c4d8484a5bc074b78ea4656d40571c254284a480.qmlc   c7f5d769a1cf8c7f79053219959679b2a01cd04a.qmlc
d0ed837cb6b63600f6074e658f45046a81cce16b.qmlc   d21507d20efc9bdd144e9be39568879e5b8ab2dd.qmlc
d7c9692f2b381eb260ee1d3b3bf35a5ce64ca547.qmlc   d9ff1789c7bf11aa8d294ede3df00436548279aa.qmlc
e32adf378436174ff740b9f268a4fb98f4a5fb41.qmlc   e50e62317dd976f8872060c6060416dd3dac1b22.qmlc
e85ee428750b0511dee051a15583b9849dbe5386.qmlc   f353ffb44954d9d0a50ef976fad4f9df06ed65f2.qmlc
fded362ed867cc3f22faf60c8331c4a030442901.qmlc
              49 File(s)        460,888 bytes

 Directory of C:\Users\anon\AppData\Local\AMD\Radeonsoftware\QtWebEngine

Press any key to continue . . .
[.]       [..]      [Default]
               0 File(s)              0 bytes

C:\Users\anon>
C:\Users\anon>ipconfig

Windows IP Configuration


Ethernet adapter Ethernet:

   Media State . . . . . . . . . . . : Media disconnected
   Connection-specific DNS Suffix  . :

Wireless LAN adapter Local Area Connection* 1:

   Media State . . . . . . . . . . . : Media disconnected
   Connection-specific DNS Suffix  . :

Wireless LAN adapter Local Area Connection* 2:

   Media State . . . . . . . . . . . : Media disconnected
   Connection-specific DNS Suffix  . :

Wireless LAN adapter Wi-Fi:

   Connection-specific DNS Suffix  . :
   Link-local IPv6 Address . . . . . : fe80::4d84:fdc5:e7c8:6344%7
   IPv4 Address. . . . . . . . . . . : 192.168.1.3
   Subnet Mask . . . . . . . . . . . : 255.255.255.0
   Default Gateway . . . . . . . . . : fe80::1%7
                                       192.168.1.1

C:\Users\anon>label a:sales-july
Parameters not compatible.

C:\Users\anon>mkdir gas

C:\Users\anon>ls -l
'ls' is not recognized as an internal or external command,
operable program or batch file.

C:\Users\anon>ls
'ls' is not recognized as an internal or external command,
operable program or batch file.

C:\Users\anon>/lc
'/lc' is not recognized as an internal or external command,
operable program or batch file.

C:\Users\anon>cd gas

C:\Users\anon\gas>cd ..

C:\Users\anon>netsh
netsh>
C:\Users\anon>ping 192.168.1.1

Pinging 192.168.1.1 with 32 bytes of data:
Reply from 192.168.1.1: bytes=32 time=1ms TTL=64
Reply from 192.168.1.1: bytes=32 time=1ms TTL=64
Reply from 192.168.1.1: bytes=32 time=2ms TTL=64
Reply from 192.168.1.1: bytes=32 time=2ms TTL=64

Ping statistics for 192.168.1.1:
    Packets: Sent = 4, Received = 4, Lost = 0 (0% loss),
Approximate round trip times in milli-seconds:
    Minimum = 1ms, Maximum = 2ms, Average = 1ms

C:\Users\anon>rd gas

C:\Users\anon>cd gas
The system cannot find the path specified.

C:\Users\anon>shadow 77
'shadow' is not recognized as an internal or external command,
operable program or batch file.

C:\Users\anon>shadow 93
'shadow' is not recognized as an internal or external command,
operable program or batch file.

C:\Users\anon>shadow ACCTG01
'shadow' is not recognized as an internal or external command,
operable program or batch file.

C:\Users\anon>tasklist /v fi "PID gt 1000" /fo csv
ERROR: Invalid argument/option - 'fi'.
Type "TASKLIST /?" for usage.

C:\Users\anon>type holiday.mar
The system cannot find the file specified.

C:\Users\anon>type README.md
The system cannot find the file specified.

C:\Users\anon>whoami
desktop-dm5emdb\anon

C:\Users\anon>
C:\Users\anon>copy bitmap.png bitmap1.png /a
        1 file(s) copied.

C:\Users\anon>ls -a
'ls' is not recognized as an internal or external command,
operable program or batch file.

C:\Users\anon>mkdir -p

C:\Users\anon>date /t
Tue 02/18/2020

C:\Users\anon>print bitmap.png
Unable to initialize device PRN

C:\Users\anon>rpcinfo
'rpcinfo' is not recognized as an internal or external command,
operable program or batch file.

C:\Users\anon>time /t
10:38 PM

C:\Users\anon>where /r bitmap.png
ERROR: Invalid syntax. Default argument is missing.
Type "WHERE /?" for usage.

C:\Users\anon>call checknew
'checknew' is not recognized as an internal or external command,
operable program or batch file.

C:\Users\anon>label a:sales-july
Parameters not compatible.

C:\Users\anon>
C:\Users\anon>REG ADD \\ABC\HKLM\software\MyCo
ERROR: The network path was not found.


C:\Users\anon>Tasklist

Image Name                     PID Session Name        Session#    Mem Usage
========================= ======== ================ =========== ============
System Idle Process              0 Services                   0          8 K
System                           4 Services                   0      4,208 K
Registry                        96 Services                   0     49,160 K
smss.exe                       388 Services                   0        320 K
csrss.exe                      580 Services                   0      2,044 K
wininit.exe                    700 Services                   0        896 K
services.exe                   772 Services                   0      6,348 K
lsass.exe                      792 Services                   0     11,524 K
svchost.exe                    908 Services                   0      1,004 K
svchost.exe                    932 Services                   0     31,832 K
fontdrvhost.exe                 76 Services                   0        576 K
svchost.exe                    844 Services                   0     13,272 K
svchost.exe                    952 Services                   0      3,708 K
svchost.exe                   1168 Services                   0      4,968 K
svchost.exe                   1216 Services                   0      2,304 K
svchost.exe                   1388 Services                   0      4,720 K
atiesrxx.exe                  1428 Services                   0      1,580 K
svchost.exe                   1436 Services                   0     10,308 K
svchost.exe                   1528 Services                   0      4,484 K
svchost.exe                   1568 Services                   0      4,804 K
svchost.exe                   1580 Services                   0     95,544 K
svchost.exe                   1592 Services                   0      3,960 K
svchost.exe                   1604 Services                   0      1,544 K
svchost.exe                   1672 Services                   0      3,424 K
svchost.exe                   1688 Services                   0      4,828 K
svchost.exe                   1728 Services                   0     10,348 K
igfxCUIService.exe            1784 Services                   0      2,816 K
svchost.exe                   1828 Services                   0      8,136 K
Memory Compression            1848 Services                   0    115,292 K
svchost.exe                   1908 Services                   0      5,112 K
svchost.exe                   1972 Services                   0      5,952 K
svchost.exe                   1648 Services                   0     14,392 K
svchost.exe                   2096 Services                   0      4,248 K
svchost.exe                   2104 Services                   0      5,196 K
svchost.exe                   2276 Services                   0      9,180 K
svchost.exe                   2316 Services                   0      6,188 K
aips.exe                      2340 Services                   0      7,256 K
svchost.exe                   2436 Services                   0     15,684 K
svchost.exe                   2468 Services                   0      8,468 K
svchost.exe                   2776 Services                   0      4,612 K
svchost.exe                   2784 Services                   0      2,392 K
svchost.exe                   2952 Services                   0      8,912 K
svchost.exe                   3016 Services                   0      3,892 K
spoolsv.exe                   2488 Services                   0      4,508 K
svchost.exe                   2456 Services                   0     10,968 K
svchost.exe                   2216 Services                   0      2,464 K
mDNSResponder.exe             3100 Services                   0      3,692 K
svchost.exe                   3116 Services                   0      2,076 K
svchost.exe                   3128 Services                   0     12,616 K
CxAudMsg64.exe                3140 Services                   0      4,080 K
svchost.exe                   3148 Services                   0      2,296 K
svchost.exe                   3184 Services                   0     18,116 K
svchost.exe                   3192 Services                   0     27,656 K
svchost.exe                   3228 Services                   0      2,824 K
svchost.exe                   3276 Services                   0      6,980 K
MBAMService.exe               3288 Services                   0     29,520 K
PsiService_2.exe              3328 Services                   0      1,128 K
RtkBtManServ.exe              3380 Services                   0      3,488 K
SynTPEnhService.exe           3388 Services                   0      2,080 K
svchost.exe                   3400 Services                   0      1,240 K
svchost.exe                   3416 Services                   0      3,236 K
svchost.exe                   3424 Services                   0        936 K
MsMpEng.exe                   3464 Services                   0    203,924 K
svchost.exe                   3484 Services                   0     13,304 K
WsAppService.exe              3500 Services                   0      7,384 K
dasHost.exe                   3540 Services                   0        672 K
svchost.exe                   3548 Services                   0      1,768 K
AdobeUpdateService.exe        3672 Services                   0      1,984 K
svchost.exe                   3724 Services                   0      2,524 K
svchost.exe                   3900 Services                   0      3,304 K
svchost.exe                   3916 Services                   0      3,644 K
AGMService.exe                4084 Services                   0      3,272 K
AGSService.exe                3700 Services                   0      9,796 K
svchost.exe                   4408 Services                   0      4,984 K
svchost.exe                   4824 Services                   0      1,548 K
unsecapp.exe                  5568 Services                   0      2,340 K
dllhost.exe                   5676 Services                   0      3,612 K
svchost.exe                   5972 Services                   0     11,188 K
NisSrv.exe                    4388 Services                   0      6,644 K
AUEPLauncher.exe              2608 Services                   0      1,164 K
svchost.exe                   5904 Services                   0      8,112 K
AUEPMaster.exe                5460 Services                   0      9,720 K
svchost.exe                    880 Services                   0     11,000 K
svchost.exe                   2948 Services                   0      5,836 K
GoogleCrashHandler.exe         508 Services                   0        144 K
SgrmBroker.exe                1148 Services                   0      4,428 K
svchost.exe                   1420 Services                   0     10,836 K
GoogleCrashHandler64.exe      1308 Services                   0        116 K
svchost.exe                   5628 Services                   0      2,336 K
svchost.exe                   7064 Services                   0     10,600 K
svchost.exe                   7108 Services                   0      6,716 K
svchost.exe                   6924 Services                   0     11,004 K
svchost.exe                   8848 Services                   0      5,680 K
svchost.exe                   2464 Services                   0     22,372 K
SecurityHealthService.exe     9140 Services                   0      8,752 K
svchost.exe                   4836 Services                   0      4,472 K
svchost.exe                   7940 Services                   0      2,832 K
svchost.exe                   6860 Services                   0      3,512 K
svchost.exe                    896 Services                   0      3,552 K
svchost.exe                   9864 Services                   0      3,324 K
svchost.exe                   8844 Services                   0      2,096 K
svchost.exe                  11536 Services                   0      2,948 K
OfficeClickToRun.exe          5396 Services                   0     24,112 K
AppVShNotify.exe             10064 Services                   0        936 K
SearchIndexer.exe            12408 Services                   0     42,584 K
svchost.exe                  10880 Services                   0      5,180 K
csrss.exe                     9820 Console                    5      2,948 K
winlogon.exe                 11780 Console                    5      4,784 K
fontdrvhost.exe              17920 Console                    5      5,928 K
dwm.exe                      12740 Console                    5     61,868 K
sihost.exe                    6696 Console                    5     30,992 K
svchost.exe                  15580 Console                    5     11,544 K
svchost.exe                  13732 Console                    5     60,000 K
taskhostw.exe                 9936 Console                    5     13,084 K
ctfmon.exe                    3264 Console                    5      8,704 K
svchost.exe                  17356 Console                    5     27,212 K
RuntimeBroker.exe             6276 Console                    5     20,000 K
RuntimeBroker.exe            12348 Console                    5     42,032 K
SkypeApp.exe                 16480 Console                    5        332 K
SkypeBackgroundHost.exe      13124 Console                    5        228 K
ApplicationFrameHost.exe      9280 Console                    5     29,004 K
dllhost.exe                  14416 Console                    5      8,384 K
RuntimeBroker.exe             1400 Console                    5     18,296 K
RuntimeBroker.exe             8448 Console                    5      3,616 K
schtasks.exe                  7912 Console                    5        968 K
conhost.exe                  17144 Console                    5      1,264 K
schtasks.exe                 17592 Console                    5        968 K
conhost.exe                   9808 Console                    5      1,272 K
svchost.exe                  11948 Console                    5     10,060 K
RuntimeBroker.exe            18236 Console                    5     16,636 K
SystemSettings.exe            6680 Console                    5        432 K
Music.UI.exe                 14400 Console                    5        360 K
svchost.exe                  17936 Console                    5      2,904 K
taskhostw.exe                 2128 Console                    5     11,116 K
explorer.exe                 14168 Console                    5    155,636 K
StartMenuExperienceHost.e     8684 Console                    5     68,776 K
SearchUI.exe                  3616 Console                    5     74,368 K
mbamtray.exe                 15320 Console                    5     18,680 K
LockApp.exe                  12280 Console                    5     25,572 K
RuntimeBroker.exe            16412 Console                    5     23,124 K
SynTPEnh.exe                  8592 Console                    5     11,792 K
SynTPHelper.exe              15132 Console                    5        996 K
Video.UI.exe                 13752 Console                    5        636 K
RuntimeBroker.exe            19400 Console                    5      5,348 K
smartscreen.exe              11816 Console                    5     23,144 K
IDMan.exe                    20028 Console                    5     26,760 K
IDMIntegrator64.exe          10916 Console                    5      8,024 K
IEMonitor.exe                16532 Console                    5      1,960 K
SecurityHealthHost.exe       18652 Console                    5     13,512 K
netcut_windows.exe           26556 Services                   0     15,180 K
conhost.exe                  26564 Services                   0      7,480 K
RuntimeBroker.exe            26940 Console                    5     12,476 K
WWAHost.exe                  26268 Console                    5     47,060 K
YourPhoneServer.exe           7508 Console                    5     12,500 K
YourPhone.exe                27248 Console                    5        308 K
RuntimeBroker.exe            26308 Console                    5     16,064 K
ShellExperienceHost.exe      13240 Console                    5     54,204 K
RuntimeBroker.exe            26008 Console                    5     29,408 K
svchost.exe                  21696 Services                   0      7,148 K
dllhost.exe                  26248 Console                    5      6,368 K
cmd.exe                       5144 Services                   0      3,160 K
conhost.exe                  17028 Services                   0      5,452 K
qemu-system-x86_64.exe       27656 Services                   0     15,832 K
MicrosoftEdge.exe            25692 Console                    5     55,592 K
browser_broker.exe           23640 Console                    5      7,728 K
MicrosoftEdgeSH.exe          14344 Console                    5     12,776 K
MicrosoftEdgeCP.exe           6384 Console                    5     49,888 K
svchost.exe                  11752 Services                   0      5,176 K
chrome.exe                   24892 Console                    5    134,908 K
chrome.exe                   25752 Console                    5      6,396 K
chrome.exe                   16652 Console                    5      8,644 K
chrome.exe                   26124 Console                    5    108,784 K
chrome.exe                   28316 Console                    5     39,216 K
chrome.exe                   17984 Console                    5     43,396 K
chrome.exe                   26276 Console                    5     73,080 K
WmiPrvSE.exe                 25512 Services                   0     17,628 K
chrome.exe                   14232 Console                    5     70,476 K
chrome.exe                   25492 Console                    5     87,152 K
chrome.exe                   27920 Console                    5     22,552 K
git-bash.exe                 16136 Console                    5      5,248 K
mintty.exe                   26568 Console                    5     17,224 K
conhost.exe                  24064 Console                    5     12,812 K
bash.exe                     19820 Console                    5      9,380 K
svchost.exe                   4588 Services                   0      5,964 K
git-bash.exe                 18232 Console                    5      5,252 K
mintty.exe                   26204 Console                    5     17,000 K
conhost.exe                  26688 Console                    5     12,804 K
bash.exe                     27844 Console                    5      9,316 K
git-bash.exe                 26304 Console                    5      5,248 K
mintty.exe                   22552 Console                    5     17,096 K
conhost.exe                  17064 Console                    5     12,800 K
bash.exe                     25128 Console                    5      9,376 K
SearchProtocolHost.exe       25344 Console                    5      6,996 K
notepad.exe                    548 Console                    5     15,904 K
notepad.exe                  25812 Console                    5     15,996 K
notepad.exe                  18832 Console                    5     16,376 K
notepad.exe                  27032 Console                    5     16,364 K
cmd.exe                      27472 Console                    5      3,924 K
conhost.exe                   5536 Console                    5     18,320 K
backgroundTaskHost.exe       17864 Console                    5     19,796 K
WmiPrvSE.exe                 26284 Services                   0      9,108 K
tasklist.exe                 13684 Console                    5      8,272 K

C:\Users\anon>type nomorwa.txt
0822-8817-4784
C:\Users\anon>ps
'ps' is not recognized as an internal or external command,
operable program or batch file.

C:\Users\anon>pwd
'pwd' is not recognized as an internal or external command,
operable program or batch file.

C:\Users\anon>mkdir cek_nomor

C:\Users\anon>move nomorwa.txt C:\Users\anon\cek_nomor
        1 file(s) moved.

C:\Users\anon>cd cek_nomor

C:\Users\anon\cek_nomor>type nomorwa.txt
0822-8817-4784
C:\Users\anon\cek_nomor>